0       COPY    START   1000
0       FIRST   STL     RETADR      140033
3       CLOOP   JSUB    RDREC       481039
6               LDA     LENGTH      000036
9               COMP    ZERO        280030
C               JEQ     ENDFIL      300015
F               JSUB    WRREC       481061
12              J       CLOOP       3C0003
15      ENDFIL  LDA     EOF         00002A
18              STA     BUFFER      0C0039
1B              LDA     THREE       00002D
1E              STA     LENGTH      0C0036
21              JSUB    WRREC       481061
24              LDL     RETADR      080033
27              RSUB                4C0000
2A      EOF     BYTE    C'EOF'      454F46
2D      THREE   WORD    3           000003
30      ZERO    WORD    0           000000
33      RETADR  RESW    1
36      LENGTH  RESW    1
39      BUFFER  RESB    4096
1039    RDREC   LDX     ZERO        040030
103C            LDA     ZERO        000030
103F    RLOOP   TD      INPUT       E0105D
1042            JEQ     RLOOP       30103F
1045            RD      INPUT       D8105D
1048            COMP    ZERO        280030
104B            JEQ     EXIT        301057
104E            STCH    BUFFER,X    548039
1051            TIX     MAXLEN      2C105E
1054            JLT     RLOOP       38103F
1057    EXIT    STX     LENGTH      100036
105A            RSUB                4C0000
105D    INPUT   BYTE    X'F1'       F1
105E    MAXLEN  WORD    4096        001000
1061    WRREC   LDX     ZERO        040030
1064    WLOOP   TD      OUTPUT      E01079
1067            JEQ     WLOOP       301064
106A            LDCH    BUFFER,X    508039
106D            WD      OUTPUT      DC1079
1070            TIX     LENGTH      2C0036
1073            JLT     WLOOP       381064
1076            RSUB                4C0000
1079    OUTPUT  BYTE    X'05'       05
107A    ENDING  END     FIRST
